// Jest Snapshot v1, https://goo.gl/fbAQLP

exports[`A CarouselSlide should render correctly 1`] = `
<figure>
  <CarouselSlide__DefaultImg
    alt="Description"
    imgHeight={400}
    src="http://localhost"
  />
  <figcaption>
    <strong>
      Description
    </strong>
     
    Attribution
  </figcaption>
</figure>
`;

exports[`Img should render correctly 1`] = `
.c0 {
  object-fit: contain;
  width: 100%;
  height: 500px;
}

<img
  alt="alt"
  className="c0"
  src="https://example.com/default.jpg"
/>
`;
